---
source: libs/extractor/src/lib.rs
expression: "extract(\"test.tsx\",\nr#\"import { css as c } from \"@devup-ui/core\";\n<Box className={c({\n  bg:\"red\"\n})}/>;\n\"#,\nExtractOption\n{ package: \"@devup-ui/core\".to_string(), css_file: None }).unwrap()"
---
ExtractOutput {
    styles: [
        Static(
            ExtractStaticStyle {
                property: "background",
                value: "red",
                level: 0,
                selector: None,
                basic: false,
            },
        ),
    ],
    code: "import \"@devup-ui/core/devup-ui.css\";\nimport { css as c } from \"@devup-ui/core\";\n<Box className={c(\"d0\")} />;\n",
}
