---
source: libs/extractor/src/lib.rs
expression: "ToBTreeSet::from(extract(\"all-combined.css.ts\",\nr\"import { style, globalStyle, keyframes, createVar, createContainer, layer, fontFace, createGlobalTheme, styleVariants } from '@devup-ui/react'\nexport const myVar = createVar()\nexport const myContainer = createContainer()\nexport const myLayer = layer('components')\nexport const myFont = fontFace({ src: 'local(Arial)' })\nexport const vars = createGlobalTheme(':root', { color: { primary: 'blue' } })\nexport const fade = keyframes({ from: { opacity: 0 }, to: { opacity: 1 } })\nglobalStyle('body', { margin: 0 })\nconst base = style({ padding: 8 })\nexport const buttons = styleVariants({\n  primary: [base, { bg: 'blue' }],\n  secondary: { bg: 'gray' }\n})\nexport const box = style({ fontFamily: myFont })\n\",\nExtractOption\n{\n    package: \"@devup-ui/react\".to_string(), css_dir:\n    \"@devup-ui/react\".to_string(), single_css: true, import_main_css: false,\n    import_aliases: HashMap::new()\n}).unwrap())"
---
ToBTreeSet {
    styles: {
        Static(
            ExtractStaticStyle {
                property: "--color-primary-0-4",
                value: "blue",
                level: 0,
                selector: Some(
                    Global(
                        ":root",
                        "all-combined.css.ts",
                    ),
                ),
                style_order: Some(
                    0,
                ),
                layer: None,
            },
        ),
        Static(
            ExtractStaticStyle {
                property: "background",
                value: "blue",
                level: 0,
                selector: None,
                style_order: None,
                layer: None,
            },
        ),
        Static(
            ExtractStaticStyle {
                property: "background",
                value: "gray",
                level: 0,
                selector: None,
                style_order: None,
                layer: None,
            },
        ),
        Static(
            ExtractStaticStyle {
                property: "font-family",
                value: "font-0-3",
                level: 0,
                selector: None,
                style_order: None,
                layer: None,
            },
        ),
        Static(
            ExtractStaticStyle {
                property: "margin",
                value: "0",
                level: 0,
                selector: Some(
                    Global(
                        "body",
                        "all-combined.css.ts",
                    ),
                ),
                style_order: Some(
                    0,
                ),
                layer: None,
            },
        ),
        Static(
            ExtractStaticStyle {
                property: "padding",
                value: "8px",
                level: 0,
                selector: None,
                style_order: None,
                layer: None,
            },
        ),
        Css(
            ExtractCss {
                css: "@layer components-0-2;",
                file: "all-combined.css.ts",
            },
        ),
        FontFace(
            ExtractFontFace {
                file: "all-combined.css.ts",
                properties: {
                    "font-family": "font-0-3",
                    "src": "local(Arial)",
                },
            },
        ),
        Keyframes(
            ExtractKeyframes {
                keyframes: {
                    "from": [
                        ExtractStaticStyle {
                            property: "opacity",
                            value: "0",
                            level: 0,
                            selector: None,
                            style_order: None,
                            layer: None,
                        },
                    ],
                    "to": [
                        ExtractStaticStyle {
                            property: "opacity",
                            value: "1",
                            level: 0,
                            selector: None,
                            style_order: None,
                            layer: None,
                        },
                    ],
                },
            },
        ),
    },
    code: "import \"@devup-ui/react/devup-ui.css\";\n;\nexport const fade = \"a\";\nconst _ve2 = \"f0_1 f0_2 b c\";\nconst _ve3 = \"f0_3 d\";\nconst base = \"f0_1 b\";\nexport const box = \"f0_4 e\";\n;\n;\n;\nexport const myVar = \"var(--var-0-0)\";\nexport const myContainer = \"container-0-1\";\nexport const myLayer = \"components-0-2\";\nexport const myFont = \"font-0-3\";\nexport const vars = { \"color\": { \"primary\": \"var(--color-primary-0-4)\" } };\nexport const buttons = {\n\t\"primary\": _ve2,\n\t\"secondary\": _ve3\n};\n",
}
