---
source: libs/extractor/src/lib.rs
expression: "ToBTreeSet::from(extract(\"test.tsx\",\nr\"import {Box} from '@devup-ui/core'\n        <Box _hover={{\n          mx: [1, 2]\n        }} />\n        \",\nExtractOption\n{\n    package: \"@devup-ui/core\".to_string(), css_dir:\n    \"@devup-ui/core\".to_string(), single_css: true, import_main_css: false,\n    import_aliases: HashMap::new()\n}).unwrap())"
---
ToBTreeSet {
    styles: {
        Static(
            ExtractStaticStyle {
                property: "margin-left",
                value: "4px",
                level: 0,
                selector: Some(
                    Selector(
                        "&:hover",
                    ),
                ),
                style_order: None,
                layer: None,
            },
        ),
        Static(
            ExtractStaticStyle {
                property: "margin-left",
                value: "8px",
                level: 1,
                selector: Some(
                    Selector(
                        "&:hover",
                    ),
                ),
                style_order: None,
                layer: None,
            },
        ),
        Static(
            ExtractStaticStyle {
                property: "margin-right",
                value: "4px",
                level: 0,
                selector: Some(
                    Selector(
                        "&:hover",
                    ),
                ),
                style_order: None,
                layer: None,
            },
        ),
        Static(
            ExtractStaticStyle {
                property: "margin-right",
                value: "8px",
                level: 1,
                selector: Some(
                    Selector(
                        "&:hover",
                    ),
                ),
                style_order: None,
                layer: None,
            },
        ),
    },
    code: "import \"@devup-ui/core/devup-ui.css\";\n((__devupAssignment72) => <div className={__devupAssignment72?.[0] ?? \"\"} style={{ ...__devupAssignment72?.[1] }} />)(((__devupLevel0, __devupLevel1) => [\n\t`${__devupLevel0?.[0] ?? \"\"} ${__devupLevel1?.[0] ?? \"\"}`,\n\t{\n\t\t...__devupLevel0?.[1],\n\t\t...__devupLevel1?.[1]\n\t},\n\t[__devupLevel0?.[2], __devupLevel1?.[2]]\n])(((__devupValue) => [\n\t\"OHb769b560qxf3uhct OHdm2ibn5qc2m5xw09\",\n\t{},\n\t__devupValue\n])(1), ((__devupValue) => [\n\t\"OHbq8i8vcwgx7z3i6k OHco2x1de2hf7ohpjw\",\n\t{},\n\t__devupValue\n])(2)));\n",
}
