---
source: libs/extractor/src/lib.rs
expression: outputs
---
[
    "ToBTreeSet { styles: {Static(ExtractStaticStyle { property: \"color\", value: \"red\", level: 0, selector: None, style_order: None, layer: None })}, code: \"import \\\"@devup-ui/react/devup-ui-0.css\\\";\\nimport { colors } from \\\"./tokens\\\";\\nexport const a = <div className=\\\"a-a\\\" />;\\n\" }",
    "ToBTreeSet { styles: {Static(ExtractStaticStyle { property: \"font-size\", value: \"96px\", level: 0, selector: None, style_order: None, layer: None })}, code: \"import \\\"@devup-ui/react/devup-ui-0.css\\\";\\nimport { heading } from \\\"./frozen\\\";\\nexport const a = <div className=\\\"a-a\\\" />;\\n\" }",
    "ToBTreeSet { styles: {Static(ExtractStaticStyle { property: \"color\", value: \"red\", level: 0, selector: None, style_order: None, layer: None })}, code: \"import \\\"@devup-ui/react/devup-ui-0.css\\\";\\nconst theme = { text: { color: \\\"red\\\" } };\\nexport const App = () => <ThemeProvider theme={theme}><div className=\\\"a-a\\\" /></ThemeProvider>;\\n\" }",
    "ToBTreeSet { styles: {Dynamic(ExtractDynamicStyle { property: \"padding\", level: 0, identifier: \"handle.p\", selector: None, style_order: None })}, code: \"import \\\"@devup-ui/react/devup-ui-0.css\\\";\\nconst handle = {\\n\\tcurrent: null,\\n\\tp: 1\\n};\\nexport const App = () => <div ref={handle}><div className=\\\"a-a\\\" style={{ \\\"--a\\\": handle.p }} /></div>;\\n\" }",
    "Error: /src/App.tsx:3:22: `css()` cannot use `tokens.base` at build time: its styles must be an object literal or a constant object, or be computed from constants\n/src/App.tsx:4:23: `<Box>` cannot use `tokens.base` at build time: its styles must be an object literal or a constant object, or be computed from constants\n/src/App.tsx:6:22: `css()` cannot use `tokens[key]` at build time: its styles must be an object literal or a constant object, or be computed from constants\n/src/App.tsx:7:18: Cannot compose `make() || tokens.base` at build time: each style must be a rule object, a class, or a condition choosing between them\n/src/App.tsx:7:22: `css()` cannot use `make() || tokens.base` at build time: its styles must be an object literal or a constant object, or be computed from constants\n/src/changed.ts:4:26: `base` is changed here, so the build cannot read it as a constant",
    "ToBTreeSet { styles: {Dynamic(ExtractDynamicStyle { property: \"color\", level: 0, identifier: \"tokens.colors.primary\", selector: None, style_order: None })}, code: \"import \\\"@devup-ui/react/devup-ui-0.css\\\";\\nimport * as tokens from \\\"./changed\\\";\\ntokens.colors.primary = \\\"blue\\\";\\nexport const a = <div className=\\\"a-a\\\" style={{ \\\"--a\\\": tokens.colors.primary }} />;\\n\" }",
    "ToBTreeSet { styles: {Dynamic(ExtractDynamicStyle { property: \"color\", level: 0, identifier: \"tokens.colors.primary\", selector: None, style_order: None }), Dynamic(ExtractDynamicStyle { property: \"margin\", level: 0, identifier: \"tokens.helper\", selector: None, style_order: None })}, code: \"import \\\"@devup-ui/react/devup-ui-0.css\\\";\\nimport * as tokens from \\\"./changed\\\";\\nregister(tokens);\\nexport const a = <div className=\\\"a-a a-b\\\" style={{\\n\\t\\\"--a\\\": tokens.helper,\\n\\t\\\"--b\\\": tokens.colors.primary\\n}} />;\\n\" }",
    "Error: /src/App.tsx:5:22: `css()` cannot use `theme.base` at build time: its styles must be an object literal or a constant object, or be computed from constants\n/src/App.tsx:5:34: `css()` cannot use `tokens.base` at build time: its styles must be an object literal or a constant object, or be computed from constants\n/src/App.tsx:5:47: `css()` cannot use `base` at build time: its styles must be an object literal or a constant object, or be computed from constants\n/src/App.tsx:6:23: `<Box>` cannot use `theme` at build time: its styles must be an object literal or a constant object, or be computed from constants\n/src/changed.ts:4:26: `base` is changed here, so the build cannot read it as a constant",
    "Error: /src/App.tsx:3:18: `css()` cannot use `Scale.of(1)` at build time: its values must be literals, theme tokens or constants, or be computed from them\n/src/App.tsx:4:18: `css()` cannot use `mode` at build time: its values must be literals, theme tokens or constants, or be computed from them",
    "Error: /src/App.tsx:3:18: `css()` cannot use `label` at build time: its values must be literals, theme tokens or constants, or be computed from them\n/src/App.tsx:4:18: `css()` cannot use `format(1)` at build time: its values must be literals, theme tokens or constants, or be computed from them",
    "Error: /src/App.tsx:5:18: `css()` cannot use `label()` at build time: its values must be literals, theme tokens or constants, or be computed from them\n/src/App.tsx:6:18: `css()` cannot use `pick()` at build time: its values must be literals, theme tokens or constants, or be computed from them\n/src/App.tsx:7:18: `css()` cannot use `window.innerWidth` at build time: its values must be literals, theme tokens or constants, or be computed from them\n/src/App.tsx:8:18: `css()` cannot use `new Intl.NumberFormat().format(1)` at build time: its values must be literals, theme tokens or constants, or be computed from them",
    "ToBTreeSet { styles: {Static(ExtractStaticStyle { property: \"background\", value: \"red\", level: 0, selector: None, style_order: None, layer: None }), Static(ExtractStaticStyle { property: \"margin\", value: \"8px\", level: 0, selector: None, style_order: None, layer: None }), Dynamic(ExtractDynamicStyle { property: \"color\", level: 0, identifier: \"colors.primary\", selector: None, style_order: None })}, code: \"import \\\"@devup-ui/react/devup-ui-0.css\\\";\\nimport { colors } from \\\"./cjs\\\";\\nimport cjs, { colors as plain, spacing } from \\\"./cjs-plain\\\";\\nexport const a = <div className=\\\"a-a a-b a-c\\\" style={{ \\\"--a\\\": colors.primary }} />;\\n\" }",
    "ToBTreeSet { styles: {Dynamic(ExtractDynamicStyle { property: \"padding\", level: 0, identifier: \"list[0].p\", selector: None, style_order: None })}, code: \"import \\\"@devup-ui/react/devup-ui-0.css\\\";\\nconst list = [{ p: 1 }];\\nfor (const item of list) item.p = 2;\\nexport const a = <div className=\\\"a-a\\\" style={{ \\\"--a\\\": list[0].p }} />;\\n\" }",
    "ToBTreeSet { styles: {Dynamic(ExtractDynamicStyle { property: \"padding\", level: 0, identifier: \"list[0].p\", selector: None, style_order: None })}, code: \"import \\\"@devup-ui/react/devup-ui-0.css\\\";\\nconst list = [{ p: 1 }];\\nlist.forEach((item) => {\\n\\titem.p = 2;\\n});\\nexport const a = <div className=\\\"a-a\\\" style={{ \\\"--a\\\": list[0].p }} />;\\n\" }",
    "ToBTreeSet { styles: {Dynamic(ExtractDynamicStyle { property: \"padding\", level: 0, identifier: \"store.items[0]\", selector: None, style_order: None })}, code: \"import \\\"@devup-ui/react/devup-ui-0.css\\\";\\nconst store = {\\n\\titems: [1],\\n\\tadd(x) {\\n\\t\\tthis.items.push(x);\\n\\t}\\n};\\nstore.add(2);\\nexport const a = <div className=\\\"a-a\\\" style={{ \\\"--a\\\": store.items[0] }} />;\\n\" }",
    "ToBTreeSet { styles: {Static(ExtractStaticStyle { property: \"color\", value: \"red\", level: 0, selector: None, style_order: None, layer: None })}, code: \"import \\\"@devup-ui/react/devup-ui-0.css\\\";\\nconst theme = {\\n\\tspacing: (n) => n * 4,\\n\\tcolors: { primary: \\\"red\\\" },\\n\\tlabel: \\\"x\\\"\\n};\\nconst gap = theme.spacing(2);\\ntheme.label.custom();\\nexport const a = <div className=\\\"a-a\\\" />;\\n\" }",
    "ToBTreeSet { styles: {Static(ExtractStaticStyle { property: \"padding\", value: \"4px\", level: 0, selector: None, style_order: None, layer: None })}, code: \"import \\\"@devup-ui/react/devup-ui-0.css\\\";\\nconst sizes = [1, 2];\\nconst copy = Array.from(sizes);\\nexport const a = <div className=\\\"a-a\\\" />;\\n\" }",
    "Error: /src/App.tsx:4:18: `css()` cannot use `pick()` at build time: its values must be literals, theme tokens or constants, or be computed from them",
    "Error: /src/App.tsx:4:18: `css()` cannot use `pick()` at build time: its values must be literals, theme tokens or constants, or be computed from them",
    "Error: /src/App.tsx:4:18: `css()` cannot use `pick()` at build time: its values must be literals, theme tokens or constants, or be computed from them",
    "ToBTreeSet { styles: {Static(ExtractStaticStyle { property: \"content\", value: \"1234.5\", level: 0, selector: None, style_order: None, layer: None }), Static(ExtractStaticStyle { property: \"font-size-adjust\", value: \".5\", level: 0, selector: None, style_order: None, layer: None }), Static(ExtractStaticStyle { property: \"math-depth\", value: \"2\", level: 0, selector: None, style_order: None, layer: None })}, code: \"import \\\"@devup-ui/react/devup-ui-0.css\\\";\\nexport const a = \\\"a-a a-b a-c\\\";\\n\" }",
]
