---
source: libs/extractor/src/lib.rs
expression: "ToBTreeSet::from(extract(\"test.tsx\",\nr#\"import stylex from '@stylexjs/stylex';\nconst styles = stylex.create({ base: (x) => ({ color: x }) });\nconst el = <div {...stylex.props(styles.base)} />;\"#,\nExtractOption\n{\n    package: \"@devup-ui/react\".to_string(), css_dir:\n    \"@devup-ui/react\".to_string(), single_css: true, import_main_css: false,\n    import_aliases: HashMap::new()\n},).unwrap())"
---
ToBTreeSet {
    styles: {
        Dynamic(
            ExtractDynamicStyle {
                property: "color",
                level: 0,
                identifier: "x",
                selector: None,
                style_order: None,
            },
        ),
    },
    code: "import \"@devup-ui/react/devup-ui.css\";\nimport stylex from \"@stylexjs/stylex\";\nconst styles = { \"base\": \"b\" };\nconst el = <div {...{ className: \"\" }} />;\n",
}
