---
source: libs/extractor/src/lib.rs
expression: "ToBTreeSet::from(extract(\"test.tsx\",\nr#\"import {Box} from '@devup-ui/react'\n        <Box boxShadow={[\"$card\"]} />\n        \"#,\nExtractOption\n{\n    package: \"@devup-ui/react\".to_string(), css_dir:\n    \"@devup-ui/react\".to_string(), single_css: true, import_main_css: false,\n    import_aliases: HashMap::new()\n}).unwrap())"
---
ToBTreeSet {
    styles: {
        Static(
            ExtractStaticStyle {
                property: "box-shadow",
                value: "$card",
                level: 0,
                selector: None,
                style_order: None,
                layer: None,
            },
        ),
    },
    code: "import \"@devup-ui/react/devup-ui.css\";\n((__devupAssignment60) => <div className={__devupAssignment60?.[0] ?? \"\"} style={{ ...__devupAssignment60?.[1] }} />)(((__devupLevel0) => [\n\t__devupLevel0?.[0] ?? \"\",\n\t__devupLevel0?.[1],\n\t[__devupLevel0?.[2]]\n])(((__devupValue) => [\n\t\"OHcghw2fl1sedcghuw\",\n\t{},\n\t__devupValue\n])(\"$card\")));\n",
}
