---
source: libs/extractor/src/lib.rs
expression: "ToBTreeSet::from(extract(\"test.jsx\",\nr#\"import {Flex} from '@devup-ui/core'\n        <Flex aspectRatio={\"   200.2  /  400.2  \"} />\n        \"#,\nExtractOption\n{ package: \"@devup-ui/core\".to_string(), css_file: None }).unwrap())"
---
ToBTreeSet {
    styles: {
        Static(
            ExtractStaticStyle {
                property: "aspect-ratio",
                value: "200.2  /  400.2",
                level: 0,
                selector: None,
                style_order: None,
            },
        ),
        Static(
            ExtractStaticStyle {
                property: "display",
                value: "flex",
                level: 0,
                selector: None,
                style_order: Some(
                    0,
                ),
            },
        ),
    },
    code: "import \"@devup-ui/core/devup-ui.css\";\n<div className=\"a b\" />;\n",
}
