---
source: libs/extractor/src/lib.rs
expression: "extract(\"test.js\",\nr#\"import {Box, css} from '@devup-ui/core'\n    <Box className={css({color:\"white\", styleOrder:100})} />\n            \"#,\nExtractOption\n{ package: \"@devup-ui/core\".to_string(), css_file: None }).unwrap()"
---
ExtractOutput {
    styles: [
        Static(
            ExtractStaticStyle {
                property: "color",
                value: "white",
                level: 0,
                selector: None,
                style_order: Some(
                    100,
                ),
            },
        ),
    ],
    code: "import \"@devup-ui/core/devup-ui.css\";\n<div className={\"d0\"} />;\n",
}
