---
source: libs/extractor/src/lib.rs
expression: "ToBTreeSet::from(extract(\"test.js\",\nr#\"import {Box} from '@devup-ui/core'\n            <Box bg={`${variable}`} />\n        \"#,\nExtractOption\n{ package: \"@devup-ui/core\".to_string(), css_file: None }).unwrap())"
---
ToBTreeSet {
    styles: {
        Dynamic(
            ExtractDynamicStyle {
                property: "background",
                level: 0,
                identifier: "`${variable}`",
                selector: None,
                style_order: None,
            },
        ),
    },
    code: "import \"@devup-ui/core/devup-ui.css\";\n<div className=\"d0\" style={{ \"--d1\": `${variable}` }} />;\n",
}
