---
source: libs/extractor/src/lib.rs
expression: "ToBTreeSet::from(extract(\"test.tsx\",\nr#\"import {Box} from '@devup-ui/react'\n        <Box boxShadow={[\"none\", null, null, \"$card\"]} />\n        \"#,\nExtractOption\n{\n    package: \"@devup-ui/react\".to_string(), css_dir:\n    \"@devup-ui/react\".to_string(), single_css: true, import_main_css: false,\n    import_aliases: HashMap::new()\n}).unwrap())"
---
ToBTreeSet {
    styles: {
        Static(
            ExtractStaticStyle {
                property: "box-shadow",
                value: "$card",
                level: 3,
                selector: None,
                style_order: None,
                layer: None,
            },
        ),
        Static(
            ExtractStaticStyle {
                property: "box-shadow",
                value: "none",
                level: 0,
                selector: None,
                style_order: None,
                layer: None,
            },
        ),
    },
    code: "import \"@devup-ui/react/devup-ui.css\";\n((__devupAssignment60) => <div className={__devupAssignment60?.[0] ?? \"\"} style={{ ...__devupAssignment60?.[1] }} />)(((__devupLevel0, __devupLevel1, __devupLevel2, __devupLevel3) => [\n\t`${__devupLevel0?.[0] ?? \"\"} ${__devupLevel1?.[0] ?? \"\"} ${__devupLevel2?.[0] ?? \"\"} ${__devupLevel3?.[0] ?? \"\"}`,\n\t{\n\t\t...__devupLevel0?.[1],\n\t\t...__devupLevel1?.[1],\n\t\t...__devupLevel2?.[1],\n\t\t...__devupLevel3?.[1]\n\t},\n\t[\n\t\t__devupLevel0?.[2],\n\t\t__devupLevel1?.[2],\n\t\t__devupLevel2?.[2],\n\t\t__devupLevel3?.[2]\n\t]\n])(((__devupValue) => [\n\t\"OHdupnrhrb44d8mnoh\",\n\t{},\n\t__devupValue\n])(\"none\"), ((__devupValue) => [\n\t\"\",\n\t{},\n\t__devupValue\n])(null), ((__devupValue) => [\n\t\"\",\n\t{},\n\t__devupValue\n])(null), ((__devupValue) => [\n\t\"OHck6y05y1qo279owm\",\n\t{},\n\t__devupValue\n])(\"$card\")));\n",
}
