---
source: libs/extractor/src/lib.rs
expression: "ToBTreeSet::from(extract_tsx(r\"import { styled } from '@devup-ui/react';\nconst Themed = styled('div')({ color: (p) => p.theme.brand });\"))"
---
ToBTreeSet {
    styles: {
        Static(
            ExtractStaticStyle {
                property: "color",
                value: "var(--brand)",
                level: 0,
                selector: None,
                style_order: None,
                layer: None,
            },
        ),
    },
    code: "import \"@devup-ui/react/devup-ui.css\";\nconst Themed = ({ style, className, ...rest }) => <div {...rest} className={[\"OHdbzppj8a40nm462g\", className].filter(Boolean).join(\" \")} style={style} />;\n",
}
