---
source: libs/extractor/src/tailwind.rs
expression: sort_styles(styles)
---
{
    Static(
        ExtractStaticStyle {
            property: "background-color",
            value: "oklch(62.3% .214 259.815)",
            level: 0,
            selector: Some(
                At {
                    kind: Media,
                    query: "(hover:hover)",
                    selector: Some(
                        "&:hover",
                    ),
                    outer: [],
                    file: None,
                },
            ),
            style_order: None,
            layer: None,
        },
    ),
    Static(
        ExtractStaticStyle {
            property: "color",
            value: "#FFF",
            level: 0,
            selector: Some(
                Selector(
                    ":root[data-theme=dark] &",
                ),
            ),
            style_order: None,
            layer: None,
        },
    ),
    Static(
        ExtractStaticStyle {
            property: "outline",
            value: "2px solid transparent",
            level: 0,
            selector: Some(
                Selector(
                    "&:focus",
                ),
            ),
            style_order: None,
            layer: None,
        },
    ),
}
