---
source: libs/extractor/src/lib.rs
expression: "ToBTreeSet::from(extract_tsx(r\"import { styled } from '@devup-ui/react';\nconst Themed = styled('div')({ color: (p) => p.theme.brand });\"))"
---
ToBTreeSet {
    styles: {
        Static(
            ExtractStaticStyle {
                property: "color",
                value: "var(--brand)",
                level: 0,
                selector: None,
                style_order: None,
                layer: None,
            },
        ),
    },
    code: "import \"@devup-ui/react/devup-ui.css\";\nconst Themed = ((__devupAssignment80) => ({ style, className, ...rest }) => <div {...rest} className={[__devupAssignment80?.[0] ?? \"\", className].filter(Boolean).join(\" \")} style={{\n\t...{ ...__devupAssignment80?.[1] },\n\t...style\n}} />)(((__devupValue) => [\n\t\"OHdbzppj8a40nm462g\",\n\t{},\n\t__devupValue\n])((p) => p.theme.brand));\n",
}
