---
source: libs/extractor/src/lib.rs
expression: "ToBTreeSet::from(output)"
---
ToBTreeSet {
    styles: {
        Static(
            ExtractStaticStyle {
                property: "background",
                value: "blue",
                level: 0,
                selector: None,
                style_order: None,
                layer: None,
                naming: Risky,
            },
        ),
        Static(
            ExtractStaticStyle {
                property: "border-width",
                value: "45px",
                level: 0,
                selector: None,
                style_order: None,
                layer: None,
                naming: Risky,
            },
        ),
        Static(
            ExtractStaticStyle {
                property: "color",
                value: "red",
                level: 0,
                selector: Some(
                    Selector(
                        "OHcz9cym47ss7jcx8j:hover &",
                    ),
                ),
                style_order: None,
                layer: None,
                naming: Risky,
            },
        ),
        Static(
            ExtractStaticStyle {
                property: "color",
                value: "var(--color-brand-0-1)",
                level: 0,
                selector: None,
                style_order: None,
                layer: None,
                naming: Risky,
            },
        ),
        Static(
            ExtractStaticStyle {
                property: "margin",
                value: "16px",
                level: 0,
                selector: None,
                style_order: None,
                layer: None,
                naming: Risky,
            },
        ),
        Static(
            ExtractStaticStyle {
                property: "padding",
                value: "19px",
                level: 0,
                selector: None,
                style_order: None,
                layer: None,
                naming: Risky,
            },
        ),
        Static(
            ExtractStaticStyle {
                property: "z-index",
                value: "1",
                level: 0,
                selector: None,
                style_order: None,
                layer: None,
                naming: Risky,
            },
        ),
    },
    code: "import \"@devup-ui/react/devup-ui.css\";\nimport \"./theme.css\";\nimport \"./global.css\";\nexport const button = \"RHa7xsszyz2d6y5ecy RLbackground-vblue RLmargin-v16px RLpadding-v19px RLz_dindex-v1 RHc2n9m5lugidw82xt\" + \" OHcz9cym47ss7jcx8j\";\nexport const hover = \"RHay39d893ec8xwh48\";\n",
}
