---
source: libs/extractor/src/lib.rs
expression: "ToBTreeSet::from(extract_tsx(r\"import * as stylex from '@stylexjs/stylex';\nconst DARK = '@media (prefers-color-scheme: dark)';\nconst colors = stylex.defineVars({\n  layered: { '@supports (display: grid)': { [DARK]: 'navy' }, [DARK]: 'teal', default: 'white' },\n  text: { default: 'black', [DARK]: 'white' },\n  accent: stylex.types.color({\n    default: 'blue',\n    [DARK]: 'lightblue',\n    '@supports (color: oklch(0 0 0))': { default: 'oklch(0.6 0.2 250)', [DARK]: 'oklch(0.8 0.1 250)' },\n  }),\n  onlyDark: { default: null, [DARK]: 'gray' },\n  size: '4px',\n});\nconst dracula = stylex.createTheme(colors, { text: { [DARK]: 'pink', default: 'purple' }, accent: 'red' });\nconst styles = stylex.create({ box: { color: colors.text, borderColor: colors.accent } });\nexport const A = () => <div {...stylex.props(dracula, styles.box)} />;\"))"
---
ToBTreeSet {
    styles: {
        Static(
            ExtractStaticStyle {
                property: "border-color",
                value: "var(--Ksxv_dtest_ptsx_daccent)",
                level: 0,
                selector: None,
                style_order: None,
                layer: None,
            },
        ),
        Static(
            ExtractStaticStyle {
                property: "color",
                value: "var(--Ksxv_dtest_ptsx_dtext)",
                level: 0,
                selector: None,
                style_order: None,
                layer: None,
            },
        ),
        Css(
            ExtractCss {
                css: ".Ksxt_dtest_ptsx_dcolors{--Ksxv_dtest_ptsx_dtext:purple;--Ksxv_dtest_ptsx_daccent:red;}@media(prefers-color-scheme:dark){.Ksxt_dtest_ptsx_dcolors{--Ksxv_dtest_ptsx_dtext:pink;}}",
                file: "test.tsx",
            },
        ),
        Css(
            ExtractCss {
                css: ":root{--Ksxv_dtest_ptsx_dlayered:white;--Ksxv_dtest_ptsx_dtext:black;--Ksxv_dtest_ptsx_daccent:blue;--Ksxv_dtest_ptsx_dsize:4px;}@media(prefers-color-scheme:dark){:root{--Ksxv_dtest_ptsx_dlayered:teal;--Ksxv_dtest_ptsx_dtext:white;--Ksxv_dtest_ptsx_daccent:lightblue;--Ksxv_dtest_ptsx_donly_x44_ark:gray;}}@supports(color:oklch(0 0 0)){:root{--Ksxv_dtest_ptsx_daccent:oklch(0.6 0.2 250);}}@supports(display:grid){@media(prefers-color-scheme:dark){:root{--Ksxv_dtest_ptsx_dlayered:navy;}}}@supports(color:oklch(0 0 0)){@media(prefers-color-scheme:dark){:root{--Ksxv_dtest_ptsx_daccent:oklch(0.8 0.1 250);}}}",
                file: "test.tsx",
            },
        ),
    },
    code: "import \"@devup-ui/react/devup-ui.css\";\nimport * as stylex from \"@stylexjs/stylex\";\nconst DARK = \"@media (prefers-color-scheme: dark)\";\nconst colors = {\n\t\"layered\": \"var(--Ksxv_dtest_ptsx_dlayered)\",\n\t\"text\": \"var(--Ksxv_dtest_ptsx_dtext)\",\n\t\"accent\": \"var(--Ksxv_dtest_ptsx_daccent)\",\n\t\"onlyDark\": \"var(--Ksxv_dtest_ptsx_donly_x44_ark)\",\n\t\"size\": \"var(--Ksxv_dtest_ptsx_dsize)\"\n};\nconst dracula = \"Ksxt_dtest_ptsx_dcolors\";\nconst styles = { \"box\": \"OHaeya6w57mqyjpw8b OHbs41ycnv6v05ww77\" };\nexport const A = () => <div {...{ className: \"Ksxt_dtest_ptsx_dcolors OHaeya6w57mqyjpw8b OHbs41ycnv6v05ww77\" }} />;\n",
}
