---
source: libs/extractor/src/lib.rs
expression: "extract(\"test.tsx\",\nr#\"import { Box } from \"@devup-ui/core\";\n<Box margin={[null, a === b ? (q > w ? \"4px\" : \"8px\") : \"3px\"]} className={\"exists\"} />;\n\"#,\nExtractOption\n{ package: \"@devup-ui/core\".to_string(), css_file: None }).unwrap()"
---
ExtractOutput {
    styles: [
        Static(
            ExtractStaticStyle {
                property: "margin",
                value: "4px",
                level: 1,
                selector: None,
            },
        ),
        Static(
            ExtractStaticStyle {
                property: "margin",
                value: "8px",
                level: 1,
                selector: None,
            },
        ),
        Static(
            ExtractStaticStyle {
                property: "margin",
                value: "3px",
                level: 1,
                selector: None,
            },
        ),
    ],
    code: "import \"@devup-ui/core/devup-ui.css\";\nimport { Box } from \"@devup-ui/core\";\n<div className={`exists ${a === b ? q > w ? \"d16099640469738164034\" : \"d5377394017476416093\" : \"d2237786094991016968\"}`} />;\n",
}
