---
source: libs/extractor/src/lib.rs
expression: "ToBTreeSet::from(extract(\"container.css.ts\",\nr\"import { createContainer, style } from '@devup-ui/react'\nexport const sidebar = createContainer()\nexport const sidebarContainer = style({\n  containerName: sidebar,\n  containerType: 'inline-size'\n})\nexport const responsive = style({\n  '@container': {\n    [`${sidebar} (min-width: 400px)`]: {\n      flexDirection: 'row'\n    }\n  }\n})\n\",\nExtractOption\n{\n    package: \"@devup-ui/react\".to_string(), css_dir:\n    \"@devup-ui/react\".to_string(), single_css: true, import_main_css: false,\n    import_aliases: HashMap::new()\n}).unwrap())"
---
ToBTreeSet {
    styles: {
        Static(
            ExtractStaticStyle {
                property: "container-name",
                value: "container-0-0",
                level: 0,
                selector: None,
                style_order: None,
                layer: None,
            },
        ),
        Static(
            ExtractStaticStyle {
                property: "container-type",
                value: "inline-size",
                level: 0,
                selector: None,
                style_order: None,
                layer: None,
            },
        ),
        Static(
            ExtractStaticStyle {
                property: "flex-direction",
                value: "row",
                level: 0,
                selector: Some(
                    At {
                        kind: Container,
                        query: "container-0-0 (min-width:400px)",
                        selector: None,
                        outer: [],
                        file: None,
                    },
                ),
                style_order: None,
                layer: None,
            },
        ),
    },
    code: "import \"@devup-ui/react/devup-ui.css\";\nexport const responsive = \"f0_1 a\";\nexport const sidebarContainer = \"f0_0 b c\";\nexport const sidebar = \"container-0-0\";\n",
}
