---
source: libs/extractor/src/lib.rs
expression: "extract(\"test.tsx\",\nr#\"import { Box } from \"@devup-ui/core\";\n<Box margin={a === b ? c : [d, e, f, \"2px\"]} />;\n\"#,\nExtractOption\n{ package: \"@devup-ui/core\".to_string(), css_file: None }).unwrap()"
---
ExtractOutput {
    styles: [
        Dynamic(
            ExtractDynamicStyle {
                property: "margin",
                level: 0,
                identifier: "c",
                selector: None,
            },
        ),
        Dynamic(
            ExtractDynamicStyle {
                property: "margin",
                level: 0,
                identifier: "d",
                selector: None,
            },
        ),
        Dynamic(
            ExtractDynamicStyle {
                property: "margin",
                level: 1,
                identifier: "e",
                selector: None,
            },
        ),
        Dynamic(
            ExtractDynamicStyle {
                property: "margin",
                level: 2,
                identifier: "f",
                selector: None,
            },
        ),
        Static(
            ExtractStaticStyle {
                property: "margin",
                value: "2px",
                level: 3,
                selector: None,
            },
        ),
    ],
    code: "import \"@devup-ui/core/devup-ui.css\";\nimport { Box } from \"@devup-ui/core\";\n<div className={a === b ? \"d1419212369670126212\" : \"d1419212369670126212 d5985969837765369532 d1806729971406960556 d180773457934325170\"} style={{\n\t\"--d13045603108234987884\": e,\n\t\"--d13763791968754421226\": a === b ? c : d,\n\t\"--d4236033944996935783\": f\n}} />;\n",
}
