---
source: libs/extractor/src/lib.rs
expression: "ToBTreeSet::from(extract_tsx(r\"import stylex from '@stylexjs/stylex';\nconst colors = stylex.defineVars({ primary: 'blue', secondary: 'grey' });\nconst dark = stylex.createTheme(colors, { primary: 'navy' });\nconst styles = stylex.create({ box: { color: colors.primary, backgroundColor: colors.secondary } });\nconst el = <div {...stylex.props(dark, styles.box)} />;\"))"
---
ToBTreeSet {
    styles: {
        Static(
            ExtractStaticStyle {
                property: "background-color",
                value: "var(--b)",
                level: 0,
                selector: None,
                style_order: None,
                layer: None,
            },
        ),
        Static(
            ExtractStaticStyle {
                property: "color",
                value: "var(--a)",
                level: 0,
                selector: None,
                style_order: None,
                layer: None,
            },
        ),
        Css(
            ExtractCss {
                css: ".c{--a:navy;}",
                file: "test.tsx",
            },
        ),
        Css(
            ExtractCss {
                css: ":root{--a:blue;--b:grey;}",
                file: "test.tsx",
            },
        ),
    },
    code: "import \"@devup-ui/react/devup-ui.css\";\nimport stylex from \"@stylexjs/stylex\";\nconst colors = {\n\t\"primary\": \"var(--a)\",\n\t\"secondary\": \"var(--b)\"\n};\nconst dark = \"c\";\nconst styles = { \"box\": \"d e\" };\nconst el = <div {...{ className: \"c d e\" }} />;\n",
}
