---
source: libs/extractor/src/lib.rs
expression: "ToBTreeSet::from(extract_tsx(r\"import { Box } from '@devup-ui/react';\nconst e = <Box bg={({ a: first, b: second })[key]} />;\"))"
---
ToBTreeSet {
    styles: {
        Dynamic(
            ExtractDynamicStyle {
                property: "background",
                level: 0,
                identifier: "first",
                selector: None,
                style_order: None,
            },
        ),
        Dynamic(
            ExtractDynamicStyle {
                property: "background",
                level: 0,
                identifier: "second",
                selector: None,
                style_order: None,
            },
        ),
    },
    code: "import \"@devup-ui/react/devup-ui.css\";\nconst e = ((__devupAssignment58) => <div className={__devupAssignment58?.[0] ?? \"\"} style={{ ...__devupAssignment58?.[1] }} />)({\n\ta: ((__devupValue) => [\n\t\t\"OHcl6f3e71_am9fzh0\",\n\t\t{ \"---SUHbxdy392cr5t1mi2e-a5\": __devupValue },\n\t\t__devupValue\n\t])(first),\n\tb: ((__devupValue) => [\n\t\t\"OHcl6f3e71_am9fzh0\",\n\t\t{ \"---SUHbxdy392cr5t1mi2e-a5\": __devupValue },\n\t\t__devupValue\n\t])(second)\n}[key]);\n",
}
