---
source: libs/extractor/src/lib.rs
expression: "ToBTreeSet::from(extract(\"selectors-complex.css.ts\",\nr#\"import { style } from '@devup-ui/react'\nexport const parent = style({\n  background: 'white'\n})\nexport const child = style({\n  selectors: {\n    [`${parent}:hover &`]: {\n      color: 'blue'\n    },\n    '& + &': {\n      marginTop: 8\n    }\n  }\n})\n\"#,\nExtractOption\n{\n    package: \"@devup-ui/react\".to_string(), css_dir:\n    \"@devup-ui/react\".to_string(), single_css: true, import_main_css: false\n}).unwrap())"
---
ToBTreeSet {
    styles: {},
    code: "import { style } from \"@devup-ui/react\";\nexport const parent = style({ background: \"white\" });\nexport const child = style({ selectors: {\n\t[`${parent}:hover &`]: { color: \"blue\" },\n\t\"& + &\": { marginTop: 8 }\n} });\n",
}
