---
source: libs/extractor/src/lib.rs
expression: "ToBTreeSet::from(extract(\"test.tsx\",\n\"import { Box } from '@devup-ui/react';\\nclass A { #w = 1; render() { return <Box w={this.#w} />; } }\\nexport const a = async (f, X, tag) => <Box w={await f()} h={(f(), 2)} bg={new X()} color={tag`x`} zIndex={10n} m={f.n++} p={(f.v = 3)} />;\",\nExtractOption::default(),).unwrap())"
---
ToBTreeSet {
    styles: {
        Dynamic(
            ExtractDynamicStyle {
                property: "background",
                level: 0,
                identifier: "new X",
                selector: None,
                style_order: None,
            },
        ),
        Dynamic(
            ExtractDynamicStyle {
                property: "color",
                level: 0,
                identifier: "tag`x`",
                selector: None,
                style_order: None,
            },
        ),
        Dynamic(
            ExtractDynamicStyle {
                property: "height",
                level: 0,
                identifier: "(f(),2)",
                selector: None,
                style_order: None,
            },
        ),
        Dynamic(
            ExtractDynamicStyle {
                property: "margin",
                level: 0,
                identifier: "f.n++",
                selector: None,
                style_order: None,
            },
        ),
        Dynamic(
            ExtractDynamicStyle {
                property: "padding",
                level: 0,
                identifier: "f.v=3",
                selector: None,
                style_order: None,
            },
        ),
        Dynamic(
            ExtractDynamicStyle {
                property: "width",
                level: 0,
                identifier: "await f()",
                selector: None,
                style_order: None,
            },
        ),
        Dynamic(
            ExtractDynamicStyle {
                property: "width",
                level: 0,
                identifier: "this.#w",
                selector: None,
                style_order: None,
            },
        ),
        Dynamic(
            ExtractDynamicStyle {
                property: "z-index",
                level: 0,
                identifier: "10n",
                selector: None,
                style_order: None,
            },
        ),
    },
    code: "import \"@devup-ui/react/devup-ui-0.css\";\nclass A {\n\t#w = 1;\n\trender() {\n\t\treturn <div className=\"a-a\" style={{ \"--a\": this.#w }} />;\n\t}\n}\nexport const a = async (f, X, tag) => <div className=\"a-a a-b a-c a-d a-e a-f a-g\" style={{\n\t\"--a\": await f(),\n\t\"--b\": (f(),2),\n\t\"--c\": new X,\n\t\"--d\": tag`x`,\n\t\"--e\": 10n,\n\t\"--f\": f.n++,\n\t\"--g\": f.v=3\n}} />;\n",
}
