---
source: libs/extractor/src/lib.rs
expression: outputs
---
[
    "import \"@devup-ui/react/devup-ui.css\";\nexport const App = () => <div className={\"external b a\"} />;\n\n{Static(ExtractStaticStyle { property: \"padding\", value: \"8px\", level: 0, selector: None, style_order: None, layer: None }), Static(ExtractStaticStyle { property: \"color\", value: \"var(--color)\", level: 0, selector: None, style_order: None, layer: None })}",
    "import \"@devup-ui/react/devup-ui.css\";\nexport const App = ({ on }) => <div className={((__devupValue0, __devupValue1, __devupValue2) => `b a ${__devupValue0 ? \"b\" : \"\"} ${__devupValue1 ? \"picked\" : \"\"} ${__devupValue2}`)(on, on, on)} />;\n\n{Static(ExtractStaticStyle { property: \"color\", value: \"red\", level: 0, selector: None, style_order: None, layer: None }), Static(ExtractStaticStyle { property: \"color\", value: \"blue\", level: 0, selector: None, style_order: None, layer: None })}",
    "import \"@devup-ui/react/devup-ui.css\";\nexport const App = ({ on }) => <a className={((__devupValue0) => !__devupValue0 ? \"a\" : __devupValue0 ? \"b\" : \"c\")(on)} />;\n\n{Static(ExtractStaticStyle { property: \"color\", value: \"red\", level: 0, selector: None, style_order: None, layer: None }), Static(ExtractStaticStyle { property: \"color\", value: \"green\", level: 0, selector: None, style_order: None, layer: None }), Static(ExtractStaticStyle { property: \"color\", value: \"blue\", level: 0, selector: None, style_order: None, layer: None })}",
    "import \"@devup-ui/react/devup-ui.css\";\nconst mixin = { margin: 4 };\nexport const App = () => <section>{<p className={\"a b\"} />}</section>;\n\n{Static(ExtractStaticStyle { property: \"color\", value: \"red\", level: 0, selector: None, style_order: None, layer: None }), Static(ExtractStaticStyle { property: \"margin\", value: \"4px\", level: 0, selector: None, style_order: None, layer: None })}",
    "export const App = () => <hr />;\n\n{}",
    "export const App = (p) => <b onClick={() => p.on()} title={String.raw`t`} id={String(1)} className={((__devupValue0, __devupBranch0, __devupBranch1, __devupValue4, __devupValue5) => `a ${__devupValue0} ${__devupBranch0[\"0\"] ? __devupBranch0[\"1\"] ? \"x\" : \"\" : \"\"} ${!__devupBranch0[\"0\"] ? \"y\" : \"\"} ${__devupBranch1[\"0\"] ? typeof __devupBranch1[\"0\"] === \"string\" ? __devupBranch1[\"0\"] : \"\" : __devupBranch1[\"1\"] ? \"z\" : \"\"} ${__devupValue4 ? \"k\" : \"\"}`)(p.className, p.on ? [true, p.on] : [false], ((__devupValue2) => !__devupValue2 ? [__devupValue2, p.b] : [__devupValue2])(p.a), p.c, p.d)} />;\n\n{}",
    "import \"@devup-ui/react/devup-ui.css\";\nconst tone = \"red\";\nconst gap = 3;\nexport const App = () => <i className={\"a b c\"} />;\n\n{Static(ExtractStaticStyle { property: \"color\", value: \"red\", level: 0, selector: None, style_order: None, layer: None }), Static(ExtractStaticStyle { property: \"padding\", value: \"3px\", level: 0, selector: None, style_order: None, layer: None }), Static(ExtractStaticStyle { property: \"margin\", value: \"2px\", level: 0, selector: None, style_order: None, layer: None })}",
]
