---
source: libs/extractor/src/lib.rs
assertion_line: 969
expression: "ToBTreeSet::from(extract(\"test.tsx\",\nr#\"import { Box } from \"@devup-ui/core\";\n<Box bg={left + right} />;\n\"#,\nExtractOption\n{\n    package: \"@devup-ui/core\".to_string(), css_dir:\n    \"@devup-ui/core\".to_string(), single_css: true, import_main_css: false,\n    import_aliases: HashMap::new()\n}).unwrap())"
---
ToBTreeSet {
    styles: {
        Dynamic(
            ExtractDynamicStyle {
                property: "background",
                level: 0,
                identifier: "left+right",
                selector: None,
                style_order: None,
            },
        ),
    },
    code: "import \"@devup-ui/core/devup-ui.css\";\n<div className=\"a\" style={{ \"--b\": left+right }} />;\n",
}
