---
source: libs/extractor/src/lib.rs
expression: "ToBTreeSet::from(extract(\"composition.css.ts\",\nr\"import { style } from '@devup-ui/react'\nconst base = style({\n  padding: 12,\n  borderRadius: 4\n})\nconst interactive = style({\n  cursor: 'pointer',\n  transition: 'all 0.2s'\n})\nexport const button = style([base, interactive, {\n  background: 'blue',\n  color: 'white'\n}])\n\",\nExtractOption\n{\n    package: \"@devup-ui/react\".to_string(), css_dir:\n    \"@devup-ui/react\".to_string(), single_css: true, import_main_css: false,\n    import_aliases: HashMap::new()\n}).unwrap())"
---
ToBTreeSet {
    styles: {
        Static(
            ExtractStaticStyle {
                property: "background",
                value: "blue",
                level: 0,
                selector: None,
                style_order: None,
                layer: None,
            },
        ),
        Static(
            ExtractStaticStyle {
                property: "border-radius",
                value: "4px",
                level: 0,
                selector: None,
                style_order: None,
                layer: None,
            },
        ),
        Static(
            ExtractStaticStyle {
                property: "color",
                value: "white",
                level: 0,
                selector: None,
                style_order: None,
                layer: None,
            },
        ),
        Static(
            ExtractStaticStyle {
                property: "cursor",
                value: "pointer",
                level: 0,
                selector: None,
                style_order: None,
                layer: None,
            },
        ),
        Static(
            ExtractStaticStyle {
                property: "padding",
                value: "12px",
                level: 0,
                selector: None,
                style_order: None,
                layer: None,
            },
        ),
        Static(
            ExtractStaticStyle {
                property: "transition",
                value: "all .2s",
                level: 0,
                selector: None,
                style_order: None,
                layer: None,
            },
        ),
    },
    code: "import \"@devup-ui/react/devup-ui.css\";\nconst base = \"OLpadding-v12px OHc6lhuo7y4a8g6rxg\";\nexport const button = \"OLpadding-v12px OHc6lhuo7y4a8g6rxg OLcursor-vpointer OHddzt14u0ke5vh5um OLbackground-vblue OLcolor-vwhite\";\nconst interactive = \"OLcursor-vpointer OHddzt14u0ke5vh5um\";\n",
}
