---
source: libs/extractor/src/lib.rs
expression: "ToBTreeSet::from(extract_tsx(r\"import { Box } from '@devup-ui/react';\nconst e = <Box bg={({ a: first, b: second })[key]} />;\"))"
---
ToBTreeSet {
    styles: {
        Dynamic(
            ExtractDynamicStyle {
                property: "background",
                level: 0,
                identifier: "__devupChoice0[`1`]",
                selector: None,
                style_order: None,
            },
        ),
    },
    code: "import \"@devup-ui/react/devup-ui.css\";\nconst e = ((__devupChoice0) => <div className={{\n\t\"a\": \"a\",\n\t\"b\": \"a\"\n}[__devupChoice0?.[\"0\"]] || \"\"} style={{ \"--b\": {\n\ta: __devupChoice0[`1`],\n\tb: __devupChoice0[`1`]\n}[__devupChoice0?.[\"0\"]] }} />)({\n\ta: [\"a\", first],\n\tb: [\"b\", second]\n}[key]);\n",
}
