---
source: libs/extractor/src/lib.rs
expression: "ToBTreeSet::from(extract(\"test.jsx\",\nr#\"import {Box} from '@devup-ui/core'\n    <Box _themeDark={{ display:\"none\" }} _themeLight={{ display: \"flex\" }} />\n            \"#,\nExtractOption\n{ package: \"@devup-ui/core\".to_string(), css_file: None }).unwrap())"
---
ToBTreeSet {
    styles: {
        Static(
            ExtractStaticStyle {
                property: "display",
                value: "flex",
                level: 0,
                selector: Some(
                    Selector(
                        ":root[data-theme=light] &",
                    ),
                ),
                style_order: None,
            },
        ),
        Static(
            ExtractStaticStyle {
                property: "display",
                value: "none",
                level: 0,
                selector: Some(
                    Selector(
                        ":root[data-theme=dark] &",
                    ),
                ),
                style_order: None,
            },
        ),
    },
    code: "import \"@devup-ui/core/devup-ui.css\";\n<div className=\"d0 d1\" />;\n",
}
