---
source: libs/extractor/src/lib.rs
expression: "ToBTreeSet::from(extract(\"test.jsx\",\nr#\"import {\n  Box,\n  Button as DevupButton,\n  Center,\n  css,\n} from '@devup-ui/core'\n\n<DevupButton\n    border={\n    {\n        primary: 'none',\n        default: '1px solid var(--border, #E4E4E4)',\n    }[variant]\n    }\n    className={className}\n    px={\n    {\n        false: { sm: '12px', md: '16px', lg: '20px' }[size],\n        true: { sm: '24px', md: '28px', lg: '32px' }[size],\n    }[(!!icon).toString()]\n    }\n/>\n\"#,\nExtractOption\n{ package: \"@devup-ui/core\".to_string(), css_file: None }).unwrap())"
---
ToBTreeSet {
    styles: {
        Static(
            ExtractStaticStyle {
                property: "border",
                value: "1px solid var(--border,#E4E4E4)",
                level: 0,
                selector: None,
                style_order: None,
            },
        ),
        Static(
            ExtractStaticStyle {
                property: "border",
                value: "none",
                level: 0,
                selector: None,
                style_order: None,
            },
        ),
        Static(
            ExtractStaticStyle {
                property: "px",
                value: "12px",
                level: 0,
                selector: None,
                style_order: None,
            },
        ),
        Static(
            ExtractStaticStyle {
                property: "px",
                value: "16px",
                level: 0,
                selector: None,
                style_order: None,
            },
        ),
        Static(
            ExtractStaticStyle {
                property: "px",
                value: "20px",
                level: 0,
                selector: None,
                style_order: None,
            },
        ),
        Static(
            ExtractStaticStyle {
                property: "px",
                value: "24px",
                level: 0,
                selector: None,
                style_order: None,
            },
        ),
        Static(
            ExtractStaticStyle {
                property: "px",
                value: "28px",
                level: 0,
                selector: None,
                style_order: None,
            },
        ),
        Static(
            ExtractStaticStyle {
                property: "px",
                value: "32px",
                level: 0,
                selector: None,
                style_order: None,
            },
        ),
    },
    code: "import \"@devup-ui/core/devup-ui.css\";\n<button className={`${className || \"\"} ${{\n\t\"default\": \"d0\",\n\t\"primary\": \"d1\"\n}[variant] || \"\"} ${{\n\t\"false\": {\n\t\t\"lg\": \"d2\",\n\t\t\"md\": \"d3\",\n\t\t\"sm\": \"d4\"\n\t}[size] || \"\",\n\t\"true\": {\n\t\t\"lg\": \"d5\",\n\t\t\"md\": \"d6\",\n\t\t\"sm\": \"d7\"\n\t}[size] || \"\"\n}[(!!icon).toString()]}`} />;\n",
}
