---
source: libs/extractor/src/lib.rs
expression: "ToBTreeSet::from(extract_tsx(r\"import { Box } from '@devup-ui/react';\nconst e = <Box bg={pick<string>} />;\"))"
---
ToBTreeSet {
    styles: {
        Dynamic(
            ExtractDynamicStyle {
                property: "background",
                level: 0,
                identifier: "pick",
                selector: None,
                style_order: None,
            },
        ),
    },
    code: "import \"@devup-ui/react/devup-ui.css\";\nconst e = ((__devupAssignment58) => <div className={__devupAssignment58?.[0] ?? \"\"} style={{ ...__devupAssignment58?.[1] }} />)(((__devupValue) => [\n\t__devupValue !== null && __devupValue !== void 0 && typeof __devupValue !== \"boolean\" && __devupValue !== \"\" && (typeof __devupValue !== \"number\" || __devupValue === __devupValue && __devupValue !== 1 / 0 && __devupValue !== -(1 / 0)) ? \"OHdgd077eythvzjh4q\" : \"\",\n\t{ \"---SUHafv8qlotnkc27944-a5\": ((__devupNumber)=>typeof __devupNumber===\"number\"?+__devupNumber*4+\"px\":typeof __devupNumber===\"string\"&&/^(?:[+-]?(?:(?:[0-9]+(?:\\.[0-9]*)?|\\.[0-9]+)(?:[eE][+-]?[0-9]+)?|inf(?:inity)?|nan))$(?![\\s\\S])/i.test(__devupNumber)?+__devupNumber*4+\"px\":__devupNumber)(__devupValue) },\n\t__devupValue\n])(pick));\n",
}
