---
source: libs/extractor/src/lib.rs
expression: "ToBTreeSet::from(extract_tsx(r\"import * as stylex from '@stylexjs/stylex';\nconst fade = stylex.keyframes({ from: { opacity: 0 }, to: { opacity: 1 } });\nconst colors = stylex.defineVars({ text: 'black' });\nconst styles = stylex.create({\n  base: { animationName: { default: fade, ':hover': 'none' }, color: { default: colors.text, ':hover': 'red' } },\n  bar: (h) => ({ height: h }),\n  none: null,\n});\nexport const A = ({ style, rest }) => <div {...stylex.props(styles.base, style, ...rest, undefined, null, styles, styles.missing, styles?.bar, styles[key]?.x, styles?.['missing'], on && styles.missing, on ? styles.base : styles.missing, on ? styles.missing : styles.base, on ? styles.missing : styles.none)} />;\"))"
---
ToBTreeSet {
    styles: {
        Static(
            ExtractStaticStyle {
                property: "animation-name",
                value: "KHdpcoq80gd1v1w6jq",
                level: 0,
                selector: None,
                style_order: None,
                layer: None,
            },
        ),
        Static(
            ExtractStaticStyle {
                property: "animation-name",
                value: "none",
                level: 0,
                selector: Some(
                    Selector(
                        "&:hover",
                    ),
                ),
                style_order: None,
                layer: None,
            },
        ),
        Static(
            ExtractStaticStyle {
                property: "color",
                value: "red",
                level: 0,
                selector: Some(
                    Selector(
                        "&:hover",
                    ),
                ),
                style_order: None,
                layer: None,
            },
        ),
        Static(
            ExtractStaticStyle {
                property: "color",
                value: "var(--Ksxv_dtest_ptsx_dtext)",
                level: 0,
                selector: None,
                style_order: None,
                layer: None,
            },
        ),
        Dynamic(
            ExtractDynamicStyle {
                property: "height",
                level: 0,
                identifier: "h",
                selector: None,
                style_order: None,
            },
        ),
        Css(
            ExtractCss {
                css: ":root{--Ksxv_dtest_ptsx_dtext:black;}",
                file: "test.tsx",
            },
        ),
        Keyframes(
            ExtractKeyframes {
                keyframes: {
                    "from": [
                        ExtractStaticStyle {
                            property: "opacity",
                            value: "0",
                            level: 0,
                            selector: None,
                            style_order: None,
                            layer: None,
                        },
                    ],
                    "to": [
                        ExtractStaticStyle {
                            property: "opacity",
                            value: "1",
                            level: 0,
                            selector: None,
                            style_order: None,
                            layer: None,
                        },
                    ],
                },
            },
        ),
    },
    code: "import \"@devup-ui/react/devup-ui.css\";\nimport * as stylex from \"@stylexjs/stylex\";\nconst fade = \"KHdpcoq80gd1v1w6jq\";\nconst colors = { \"text\": \"var(--Ksxv_dtest_ptsx_dtext)\" };\nconst styles = {\n\t\"base\": \"OHare_5xpcrm3ke9b3 OHbs41ycnv6v05ww77 OHc_25lgrsegvgou83 OHdduvkap6xswg9ne8\",\n\t\"bar\": \"OHdtjw31brgea_hkb4\",\n\t\"none\": \"\"\n};\nexport const A = ({ style, rest }) => <div {...{ className: `OHare_5xpcrm3ke9b3 OHbs41ycnv6v05ww77 OHc_25lgrsegvgou83 OHdduvkap6xswg9ne8 ${[style].flat(Infinity).filter(Boolean).join(\" \")} ${[rest].flat(Infinity).filter(Boolean).join(\" \")} ${[styles[key]?.x].flat(Infinity).filter(Boolean).join(\" \")} ${on ? \"OHare_5xpcrm3ke9b3 OHbs41ycnv6v05ww77 OHc_25lgrsegvgou83 OHdduvkap6xswg9ne8\" : \"\"} ${!on ? \"OHare_5xpcrm3ke9b3 OHbs41ycnv6v05ww77 OHc_25lgrsegvgou83 OHdduvkap6xswg9ne8\" : \"\"}` }} />;\n",
}
