---
source: libs/extractor/src/lib.rs
expression: "ToBTreeSet::from(extract(\"theme-exports.css.ts\",\nr\"import { createTheme, createThemeContract, style } from '@devup-ui/react'\nconst contract = createThemeContract({\n  colors: { bg: null, text: null }\n})\nexport const lightTheme = createTheme(contract, {\n  colors: { bg: 'white', text: 'black' }\n})\nconst internalTheme = createTheme(contract, {\n  colors: { bg: 'gray', text: 'darkgray' }\n})\nexport const box = style({ padding: 8 })\n\",\nExtractOption\n{\n    package: \"@devup-ui/react\".to_string(), css_dir:\n    \"@devup-ui/react\".to_string(), single_css: true, import_main_css: false,\n    import_aliases: HashMap::new()\n}).unwrap())"
---
ToBTreeSet {
    styles: {
        Static(
            ExtractStaticStyle {
                property: "--colors-bg-0-0",
                value: "gray",
                level: 0,
                selector: Some(
                    Global(
                        ".theme-0-3",
                        "theme-exports.css.ts",
                    ),
                ),
                style_order: Some(
                    0,
                ),
                layer: None,
            },
        ),
        Static(
            ExtractStaticStyle {
                property: "--colors-bg-0-0",
                value: "white",
                level: 0,
                selector: Some(
                    Global(
                        ".theme-0-2",
                        "theme-exports.css.ts",
                    ),
                ),
                style_order: Some(
                    0,
                ),
                layer: None,
            },
        ),
        Static(
            ExtractStaticStyle {
                property: "--colors-text-0-1",
                value: "black",
                level: 0,
                selector: Some(
                    Global(
                        ".theme-0-2",
                        "theme-exports.css.ts",
                    ),
                ),
                style_order: Some(
                    0,
                ),
                layer: None,
            },
        ),
        Static(
            ExtractStaticStyle {
                property: "--colors-text-0-1",
                value: "darkgray",
                level: 0,
                selector: Some(
                    Global(
                        ".theme-0-3",
                        "theme-exports.css.ts",
                    ),
                ),
                style_order: Some(
                    0,
                ),
                layer: None,
            },
        ),
        Static(
            ExtractStaticStyle {
                property: "padding",
                value: "8px",
                level: 0,
                selector: None,
                style_order: None,
                layer: None,
            },
        ),
    },
    code: "import \"@devup-ui/react/devup-ui.css\";\nexport const box = \"f0_0 a\";\n;\n;\nexport const lightTheme = \"theme-0-2\";\n",
}
