---
source: libs/extractor/src/lib.rs
expression: "extract(\"test.tsx\",\nr\"import {Button} from '@devup-ui/core'\n        <Button padding={1} margin={2} />\n        \",\nExtractOption\n{ package: \"@devup-ui/core\".to_string(), css_file: None }).unwrap()"
---
ExtractOutput {
    styles: [
        Static(
            ExtractStaticStyle {
                property: "padding",
                value: "4px",
                level: 0,
                selector: None,
            },
        ),
        Static(
            ExtractStaticStyle {
                property: "margin",
                value: "8px",
                level: 0,
                selector: None,
            },
        ),
    ],
    code: "import \"@devup-ui/core/devup-ui.css\";\nimport { Button } from \"@devup-ui/core\";\n<button className=\"d13564892828075531325 d7164797882338261018\" />;\n",
}
